// Jest Snapshot v1, https://goo.gl/fbAQLP

exports[`Jest Test Calculator 1`] = `
<div>
  <h1
    style={
      Object {
        "paddingLeft": "60px",
        "paddingTop": "20px",
      }
    }
  >
    Outsmart Options
  </h1>
  <div>
    <div
      className="stockSymbol"
    >
      <div
        id="stockSymbolHeading"
      >
        Stock Symbol:
      </div>
      <div
        id="stockSymbolInput"
      >
        <div
          id="searchWrapper"
        >
          <span
            className="ant-input-search ant-input-affix-wrapper"
          >
            <input
              className="ant-input"
              onChange={[Function]}
              onKeyDown={[Function]}
              placeholder="Enter..."
              style={null}
              type="text"
              value=""
            />
            <span
              className="ant-input-suffix"
            >
              <i
                aria-label="icon: search"
                className="anticon anticon-search ant-input-search-icon"
                onClick={[Function]}
                tabIndex={-1}
              >
                <svg
                  aria-hidden="true"
                  className=""
                  data-icon="search"
                  fill="currentColor"
                  focusable="false"
                  height="1em"
                  viewBox="64 64 896 896"
                  width="1em"
                >
                  <path
                    d="M909.6 854.5L649.9 594.8C690.2 542.7 712 479 712 412c0-80.2-31.3-155.4-87.9-212.1-56.6-56.7-132-87.9-212.1-87.9s-155.5 31.3-212.1 87.9C143.2 256.5 112 331.8 112 412c0 80.1 31.3 155.5 87.9 212.1C256.5 680.8 331.8 712 412 712c67 0 130.6-21.8 182.7-62l259.7 259.6a8.2 8.2 0 0 0 11.6 0l43.6-43.5a8.2 8.2 0 0 0 0-11.6zM570.4 570.4C528 612.7 471.8 636 412 636s-116-23.3-158.4-65.6C211.3 528 188 471.8 188 412s23.3-116.1 65.6-158.4C296 211.3 352.2 188 412 188s116.1 23.2 158.4 65.6S636 352.2 636 412s-23.3 116.1-65.6 158.4z"
                  />
                </svg>
              </i>
            </span>
          </span>
        </div>
        <div
          id="exists"
        />
      </div>
    </div>
    <div
      className="stockPrice"
    >
      <div
        id="stockPriceHeading"
      >
        Stock Price:
      </div>
      <div
        id="stockPriceBox"
      >
        <input
          className="ant-input ant-input-disabled"
          disabled={true}
          onChange={[Function]}
          onKeyDown={[Function]}
          placeholder="$0"
          type="text"
          value=""
        />
      </div>
    </div>
    <div
      className="stockPriceChange"
    >
      <div
        id="priceChangeHeading"
      >
        Stock Price Change:
      </div>
      <div
        id="priceChangeBox"
      >
        <input
          className="ant-input ant-input-disabled"
          disabled={true}
          onChange={[Function]}
          onKeyDown={[Function]}
          placeholder="0%"
          type="text"
          value=""
        />
      </div>
    </div>
  </div>
  <hr
    align="left"
    id="hr"
  />
  <div
    className="optionsList"
  />
  <div
    className="optionsButtons"
  >
    <div
      id="addLegButton"
    >
      <button
        className="ant-btn"
        disabled={true}
        onClick={[Function]}
        type="button"
      >
        <i
          aria-label="icon: edit"
          className="anticon anticon-edit"
        >
          <svg
            aria-hidden="true"
            className=""
            data-icon="edit"
            fill="currentColor"
            focusable="false"
            height="1em"
            viewBox="64 64 896 896"
            width="1em"
          >
            <path
              d="M257.7 752c2 0 4-.2 6-.5L431.9 722c2-.4 3.9-1.3 5.3-2.8l423.9-423.9a9.96 9.96 0 0 0 0-14.1L694.9 114.9c-1.9-1.9-4.4-2.9-7.1-2.9s-5.2 1-7.1 2.9L256.8 538.8c-1.5 1.5-2.4 3.3-2.8 5.3l-29.5 168.2a33.5 33.5 0 0 0 9.4 29.8c6.6 6.4 14.9 9.9 23.8 9.9zm67.4-174.4L687.8 215l73.3 73.3-362.7 362.6-88.9 15.7 15.6-89zM880 836H144c-17.7 0-32 14.3-32 32v36c0 4.4 3.6 8 8 8h784c4.4 0 8-3.6 8-8v-36c0-17.7-14.3-32-32-32z"
            />
          </svg>
        </i>
        <span>
          Edit Legs
        </span>
      </button>
      <div
        className="addLegButtonWrapper"
      />
    </div>
    <div
      id="ivSkewButton"
    >
      <button
        className="ant-btn"
        onClick={[Function]}
        type="button"
      >
        <i
          aria-label="icon: profile"
          className="anticon anticon-profile"
        >
          <svg
            aria-hidden="true"
            className=""
            data-icon="profile"
            fill="currentColor"
            focusable="false"
            height="1em"
            viewBox="64 64 896 896"
            width="1em"
          >
            <path
              d="M880 112H144c-17.7 0-32 14.3-32 32v736c0 17.7 14.3 32 32 32h736c17.7 0 32-14.3 32-32V144c0-17.7-14.3-32-32-32zm-40 728H184V184h656v656zM492 400h184c4.4 0 8-3.6 8-8v-48c0-4.4-3.6-8-8-8H492c-4.4 0-8 3.6-8 8v48c0 4.4 3.6 8 8 8zm0 144h184c4.4 0 8-3.6 8-8v-48c0-4.4-3.6-8-8-8H492c-4.4 0-8 3.6-8 8v48c0 4.4 3.6 8 8 8zm0 144h184c4.4 0 8-3.6 8-8v-48c0-4.4-3.6-8-8-8H492c-4.4 0-8 3.6-8 8v48c0 4.4 3.6 8 8 8zM340 368a40 40 0 1 0 80 0 40 40 0 1 0-80 0zm0 144a40 40 0 1 0 80 0 40 40 0 1 0-80 0zm0 144a40 40 0 1 0 80 0 40 40 0 1 0-80 0z"
            />
          </svg>
        </i>
        <span>
          IV Skew
        </span>
      </button>
    </div>
    <div
      id="strategyButton"
    >
      <button
        className="ant-btn"
        onClick={[Function]}
        type="button"
      >
        <i
          aria-label="icon: fund"
          className="anticon anticon-fund"
        >
          <svg
            aria-hidden="true"
            className=""
            data-icon="fund"
            fill="currentColor"
            focusable="false"
            height="1em"
            viewBox="64 64 896 896"
            width="1em"
          >
            <path
              d="M926 164H94c-17.7 0-32 14.3-32 32v640c0 17.7 14.3 32 32 32h832c17.7 0 32-14.3 32-32V196c0-17.7-14.3-32-32-32zm-40 632H134V236h752v560zm-658.9-82.3c3.1 3.1 8.2 3.1 11.3 0l172.5-172.5 114.4 114.5c3.1 3.1 8.2 3.1 11.3 0l297-297.2c3.1-3.1 3.1-8.2 0-11.3l-36.8-36.8a8.03 8.03 0 0 0-11.3 0L531 565 416.6 450.5a8.03 8.03 0 0 0-11.3 0l-214.9 215a8.03 8.03 0 0 0 0 11.3l36.7 36.9z"
            />
          </svg>
        </i>
        <span>
          Strategy
        </span>
      </button>
    </div>
    <div
      id="calculateButton"
    >
      <button
        className="ant-btn ant-btn-primary"
        onClick={[Function]}
        type="button"
      >
        <span>
          Calculate
        </span>
      </button>
    </div>
    <div
      id="saveButton"
    >
      <button
        className="ant-btn ant-btn-circle ant-btn-icon-only"
        onClick={[Function]}
        type="button"
      >
        <i
          aria-label="icon: save"
          className="anticon anticon-save"
        >
          <svg
            aria-hidden="true"
            className=""
            data-icon="save"
            fill="currentColor"
            focusable="false"
            height="1em"
            viewBox="64 64 896 896"
            width="1em"
          >
            <path
              d="M893.3 293.3L730.7 130.7c-7.5-7.5-16.7-13-26.7-16V112H144c-17.7 0-32 14.3-32 32v736c0 17.7 14.3 32 32 32h736c17.7 0 32-14.3 32-32V338.5c0-17-6.7-33.2-18.7-45.2zM384 184h256v104H384V184zm456 656H184V184h136v136c0 17.7 14.3 32 32 32h320c17.7 0 32-14.3 32-32V205.8l136 136V840zM512 442c-79.5 0-144 64.5-144 144s64.5 144 144 144 144-64.5 144-144-64.5-144-144-144zm0 224c-44.2 0-80-35.8-80-80s35.8-80 80-80 80 35.8 80 80-35.8 80-80 80z"
            />
          </svg>
        </i>
      </button>
    </div>
    <div
      id="savedStrategyButton"
    >
      <button
        className="ant-btn ant-btn-circle ant-btn-icon-only"
        onClick={[Function]}
        type="button"
      >
        <i
          aria-label="icon: download"
          className="anticon anticon-download"
        >
          <svg
            aria-hidden="true"
            className=""
            data-icon="download"
            fill="currentColor"
            focusable="false"
            height="1em"
            viewBox="64 64 896 896"
            width="1em"
          >
            <path
              d="M505.7 661a8 8 0 0 0 12.6 0l112-141.7c4.1-5.2.4-12.9-6.3-12.9h-74.1V168c0-4.4-3.6-8-8-8h-60c-4.4 0-8 3.6-8 8v338.3H400c-6.7 0-10.4 7.7-6.3 12.9l112 141.8zM878 626h-60c-4.4 0-8 3.6-8 8v154H214V634c0-4.4-3.6-8-8-8h-60c-4.4 0-8 3.6-8 8v198c0 17.7 14.3 32 32 32h684c17.7 0 32-14.3 32-32V634c0-4.4-3.6-8-8-8z"
            />
          </svg>
        </i>
      </button>
    </div>
  </div>
  <br />
  <div>
    <pre />
  </div>
</div>
`;
